Analysis & Synthesis report for BCD_Decoder
Sat Aug 01 23:51:20 2020
Quartus Prime Version 19.1.0 Build 670 09/22/2019 SJ Standard Edition


---------------------
; Table of Contents ;
---------------------
  1. Legal Notice
  2. Analysis & Synthesis Summary
  3. Analysis & Synthesis Settings
  4. Parallel Compilation
  5. Analysis & Synthesis Source Files Read
  6. Analysis & Synthesis Resource Usage Summary
  7. Analysis & Synthesis Resource Utilization by Entity
  8. User-Specified and Inferred Latches
  9. Registers Removed During Synthesis
 10. General Register Statistics
 11. Multiplexer Restructuring Statistics (Restructuring Performed)
 12. Parameter Settings for Inferred Entity Instance: lpm_divide:Mod0
 13. Parameter Settings for Inferred Entity Instance: lpm_divide:Div0
 14. Parameter Settings for Inferred Entity Instance: lpm_divide:Div1
 15. Parameter Settings for Inferred Entity Instance: lpm_divide:Div3
 16. Parameter Settings for Inferred Entity Instance: lpm_divide:Div2
 17. Parameter Settings for Inferred Entity Instance: lpm_divide:Div4
 18. Parameter Settings for Inferred Entity Instance: lpm_divide:Mod1
 19. Parameter Settings for Inferred Entity Instance: lpm_divide:Mod2
 20. Port Connectivity Checks: "Seven_Segment_Decoder_withENandRESET:BDEC4"
 21. Port Connectivity Checks: "Seven_Segment_Decoder_withENandRESET:BDEC3"
 22. Port Connectivity Checks: "Seven_Segment_Decoder_withENandRESET:BDEC2"
 23. Port Connectivity Checks: "Seven_Segment_Decoder_withENandRESET:BDEC1"
 24. Port Connectivity Checks: "Seven_Segment_Decoder_withENandRESET:BDEC0"
 25. Post-Synthesis Netlist Statistics for Top Partition
 26. Elapsed Time Per Partition
 27. Analysis & Synthesis Messages



----------------
; Legal Notice ;
----------------
Copyright (C) 2019  Intel Corporation. All rights reserved.
Your use of Intel Corporation's design tools, logic functions 
and other software and tools, and any partner logic 
functions, and any output files from any of the foregoing 
(including device programming or simulation files), and any 
associated documentation or information are expressly subject 
to the terms and conditions of the Intel Program License 
Subscription Agreement, the Intel Quartus Prime License Agreement,
the Intel FPGA IP License Agreement, or other applicable license
agreement, including, without limitation, that your use is for
the sole purpose of programming logic devices manufactured by
Intel and sold by Intel or its authorized distributors.  Please
refer to the applicable agreement for further details, at
https://fpgasoftware.intel.com/eula.



+-----------------------------------------------------------------------------------+
; Analysis & Synthesis Summary                                                      ;
+---------------------------------+-------------------------------------------------+
; Analysis & Synthesis Status     ; Successful - Sat Aug 01 23:51:20 2020           ;
; Quartus Prime Version           ; 19.1.0 Build 670 09/22/2019 SJ Standard Edition ;
; Revision Name                   ; BCD_Decoder                                     ;
; Top-level Entity Name           ; BCD_Decoder                                     ;
; Family                          ; Cyclone V                                       ;
; Logic utilization (in ALMs)     ; N/A                                             ;
; Total registers                 ; 48                                              ;
; Total pins                      ; 47                                              ;
; Total virtual pins              ; 0                                               ;
; Total block memory bits         ; 0                                               ;
; Total DSP Blocks                ; 0                                               ;
; Total HSSI RX PCSs              ; 0                                               ;
; Total HSSI PMA RX Deserializers ; 0                                               ;
; Total HSSI TX PCSs              ; 0                                               ;
; Total HSSI PMA TX Serializers   ; 0                                               ;
; Total PLLs                      ; 0                                               ;
; Total DLLs                      ; 0                                               ;
+---------------------------------+-------------------------------------------------+


+---------------------------------------------------------------------------------------------------------------------------+
; Analysis & Synthesis Settings                                                                                             ;
+---------------------------------------------------------------------------------+--------------------+--------------------+
; Option                                                                          ; Setting            ; Default Value      ;
+---------------------------------------------------------------------------------+--------------------+--------------------+
; Device                                                                          ; 5CSEMA5F31C6       ;                    ;
; Top-level entity name                                                           ; BCD_Decoder        ; BCD_Decoder        ;
; Family name                                                                     ; Cyclone V          ; Cyclone V          ;
; Type of Retiming Performed During Resynthesis                                   ; Full               ;                    ;
; Resynthesis Optimization Effort                                                 ; Normal             ;                    ;
; Physical Synthesis Level for Resynthesis                                        ; Normal             ;                    ;
; Use Generated Physical Constraints File                                         ; On                 ;                    ;
; Use smart compilation                                                           ; Off                ; Off                ;
; Enable parallel Assembler and Timing Analyzer during compilation                ; On                 ; On                 ;
; Enable compact report table                                                     ; Off                ; Off                ;
; Restructure Multiplexers                                                        ; Auto               ; Auto               ;
; MLAB Add Timing Constraints For Mixed-Port Feed-Through Mode Setting Don't Care ; Off                ; Off                ;
; Create Debugging Nodes for IP Cores                                             ; Off                ; Off                ;
; Preserve fewer node names                                                       ; On                 ; On                 ;
; Intel FPGA IP Evaluation Mode                                                   ; Enable             ; Enable             ;
; Verilog Version                                                                 ; Verilog_2001       ; Verilog_2001       ;
; VHDL Version                                                                    ; VHDL_1993          ; VHDL_1993          ;
; State Machine Processing                                                        ; Auto               ; Auto               ;
; Safe State Machine                                                              ; Off                ; Off                ;
; Extract Verilog State Machines                                                  ; On                 ; On                 ;
; Extract VHDL State Machines                                                     ; On                 ; On                 ;
; Ignore Verilog initial constructs                                               ; Off                ; Off                ;
; Iteration limit for constant Verilog loops                                      ; 5000               ; 5000               ;
; Iteration limit for non-constant Verilog loops                                  ; 250                ; 250                ;
; Add Pass-Through Logic to Inferred RAMs                                         ; On                 ; On                 ;
; Infer RAMs from Raw Logic                                                       ; On                 ; On                 ;
; Parallel Synthesis                                                              ; On                 ; On                 ;
; DSP Block Balancing                                                             ; Auto               ; Auto               ;
; NOT Gate Push-Back                                                              ; On                 ; On                 ;
; Power-Up Don't Care                                                             ; On                 ; On                 ;
; Remove Redundant Logic Cells                                                    ; Off                ; Off                ;
; Remove Duplicate Registers                                                      ; On                 ; On                 ;
; Ignore CARRY Buffers                                                            ; Off                ; Off                ;
; Ignore CASCADE Buffers                                                          ; Off                ; Off                ;
; Ignore GLOBAL Buffers                                                           ; Off                ; Off                ;
; Ignore ROW GLOBAL Buffers                                                       ; Off                ; Off                ;
; Ignore LCELL Buffers                                                            ; Off                ; Off                ;
; Ignore SOFT Buffers                                                             ; On                 ; On                 ;
; Limit AHDL Integers to 32 Bits                                                  ; Off                ; Off                ;
; Optimization Technique                                                          ; Balanced           ; Balanced           ;
; Carry Chain Length                                                              ; 70                 ; 70                 ;
; Auto Carry Chains                                                               ; On                 ; On                 ;
; Auto Open-Drain Pins                                                            ; On                 ; On                 ;
; Perform WYSIWYG Primitive Resynthesis                                           ; Off                ; Off                ;
; Auto ROM Replacement                                                            ; On                 ; On                 ;
; Auto RAM Replacement                                                            ; On                 ; On                 ;
; Auto DSP Block Replacement                                                      ; On                 ; On                 ;
; Auto Shift Register Replacement                                                 ; Auto               ; Auto               ;
; Allow Shift Register Merging across Hierarchies                                 ; Auto               ; Auto               ;
; Auto Clock Enable Replacement                                                   ; On                 ; On                 ;
; Strict RAM Replacement                                                          ; Off                ; Off                ;
; Allow Synchronous Control Signals                                               ; On                 ; On                 ;
; Force Use of Synchronous Clear Signals                                          ; Off                ; Off                ;
; Auto Resource Sharing                                                           ; Off                ; Off                ;
; Allow Any RAM Size For Recognition                                              ; Off                ; Off                ;
; Allow Any ROM Size For Recognition                                              ; Off                ; Off                ;
; Allow Any Shift Register Size For Recognition                                   ; Off                ; Off                ;
; Use LogicLock Constraints during Resource Balancing                             ; On                 ; On                 ;
; Ignore translate_off and synthesis_off directives                               ; Off                ; Off                ;
; Timing-Driven Synthesis                                                         ; On                 ; On                 ;
; Report Parameter Settings                                                       ; On                 ; On                 ;
; Report Source Assignments                                                       ; On                 ; On                 ;
; Report Connectivity Checks                                                      ; On                 ; On                 ;
; Ignore Maximum Fan-Out Assignments                                              ; Off                ; Off                ;
; Synchronization Register Chain Length                                           ; 3                  ; 3                  ;
; Power Optimization During Synthesis                                             ; Normal compilation ; Normal compilation ;
; HDL message level                                                               ; Level2             ; Level2             ;
; Suppress Register Optimization Related Messages                                 ; Off                ; Off                ;
; Number of Removed Registers Reported in Synthesis Report                        ; 5000               ; 5000               ;
; Number of Swept Nodes Reported in Synthesis Report                              ; 5000               ; 5000               ;
; Number of Inverted Registers Reported in Synthesis Report                       ; 100                ; 100                ;
; Clock MUX Protection                                                            ; On                 ; On                 ;
; Auto Gated Clock Conversion                                                     ; Off                ; Off                ;
; Block Design Naming                                                             ; Auto               ; Auto               ;
; SDC constraint protection                                                       ; Off                ; Off                ;
; Synthesis Effort                                                                ; Auto               ; Auto               ;
; Shift Register Replacement - Allow Asynchronous Clear Signal                    ; On                 ; On                 ;
; Pre-Mapping Resynthesis Optimization                                            ; Off                ; Off                ;
; Analysis & Synthesis Message Level                                              ; Medium             ; Medium             ;
; Disable Register Merging Across Hierarchies                                     ; Auto               ; Auto               ;
; Resource Aware Inference For Block RAM                                          ; On                 ; On                 ;
; Automatic Parallel Synthesis                                                    ; On                 ; On                 ;
; Partial Reconfiguration Bitstream ID                                            ; Off                ; Off                ;
+---------------------------------------------------------------------------------+--------------------+--------------------+


+------------------------------------------+
; Parallel Compilation                     ;
+----------------------------+-------------+
; Processors                 ; Number      ;
+----------------------------+-------------+
; Number detected on machine ; 8           ;
; Maximum allowed            ; 8           ;
;                            ;             ;
; Average used               ; 1.00        ;
; Maximum used               ; 8           ;
;                            ;             ;
; Usage by Processor         ; % Time Used ;
;     Processor 1            ; 100.0%      ;
;     Processor 2            ;   0.0%      ;
;     Processor 3            ;   0.0%      ;
;     Processor 4            ;   0.0%      ;
;     Processor 5            ;   0.0%      ;
;     Processor 6            ;   0.0%      ;
;     Processor 7            ;   0.0%      ;
;     Processor 8            ;   0.0%      ;
+----------------------------+-------------+


+------------------------------------------------------------------------------------------------------------------------------------------------------------------------------------+
; Analysis & Synthesis Source Files Read                                                                                                                                             ;
+------------------------------------------+-----------------+------------------------------+------------------------------------------------------------------------------+---------+
; File Name with User-Entered Path         ; Used in Netlist ; File Type                    ; File Name with Absolute Path                                                 ; Library ;
+------------------------------------------+-----------------+------------------------------+------------------------------------------------------------------------------+---------+
; BCD_Decoder.vhd                          ; yes             ; User VHDL File               ; //Mac/Home/Desktop/FPGA/BCD_Decoder/BCD_Decoder.vhd                          ;         ;
; seven_segment_decoder_withenandreset.vhd ; yes             ; Auto-Found VHDL File         ; //Mac/Home/Desktop/FPGA/BCD_Decoder/seven_segment_decoder_withenandreset.vhd ;         ;
; lpm_divide.tdf                           ; yes             ; Megafunction                 ; c:/intelfpga/19.1/quartus/libraries/megafunctions/lpm_divide.tdf             ;         ;
; abs_divider.inc                          ; yes             ; Megafunction                 ; c:/intelfpga/19.1/quartus/libraries/megafunctions/abs_divider.inc            ;         ;
; sign_div_unsign.inc                      ; yes             ; Megafunction                 ; c:/intelfpga/19.1/quartus/libraries/megafunctions/sign_div_unsign.inc        ;         ;
; aglobal191.inc                           ; yes             ; Megafunction                 ; c:/intelfpga/19.1/quartus/libraries/megafunctions/aglobal191.inc             ;         ;
; db/lpm_divide_a5m.tdf                    ; yes             ; Auto-Generated Megafunction  ; //Mac/Home/Desktop/FPGA/BCD_Decoder/db/lpm_divide_a5m.tdf                    ;         ;
; db/sign_div_unsign_dnh.tdf               ; yes             ; Auto-Generated Megafunction  ; //Mac/Home/Desktop/FPGA/BCD_Decoder/db/sign_div_unsign_dnh.tdf               ;         ;
; db/alt_u_div_03f.tdf                     ; yes             ; Auto-Generated Megafunction  ; //Mac/Home/Desktop/FPGA/BCD_Decoder/db/alt_u_div_03f.tdf                     ;         ;
; db/lpm_divide_kbm.tdf                    ; yes             ; Auto-Generated Megafunction  ; //Mac/Home/Desktop/FPGA/BCD_Decoder/db/lpm_divide_kbm.tdf                    ;         ;
; db/sign_div_unsign_qlh.tdf               ; yes             ; Auto-Generated Megafunction  ; //Mac/Home/Desktop/FPGA/BCD_Decoder/db/sign_div_unsign_qlh.tdf               ;         ;
; db/alt_u_div_qve.tdf                     ; yes             ; Auto-Generated Megafunction  ; //Mac/Home/Desktop/FPGA/BCD_Decoder/db/alt_u_div_qve.tdf                     ;         ;
; db/lpm_divide_nbm.tdf                    ; yes             ; Auto-Generated Megafunction  ; //Mac/Home/Desktop/FPGA/BCD_Decoder/db/lpm_divide_nbm.tdf                    ;         ;
; db/sign_div_unsign_tlh.tdf               ; yes             ; Auto-Generated Megafunction  ; //Mac/Home/Desktop/FPGA/BCD_Decoder/db/sign_div_unsign_tlh.tdf               ;         ;
; db/alt_u_div_00f.tdf                     ; yes             ; Auto-Generated Megafunction  ; //Mac/Home/Desktop/FPGA/BCD_Decoder/db/alt_u_div_00f.tdf                     ;         ;
; db/lpm_divide_1dm.tdf                    ; yes             ; Auto-Generated Megafunction  ; //Mac/Home/Desktop/FPGA/BCD_Decoder/db/lpm_divide_1dm.tdf                    ;         ;
; db/sign_div_unsign_7nh.tdf               ; yes             ; Auto-Generated Megafunction  ; //Mac/Home/Desktop/FPGA/BCD_Decoder/db/sign_div_unsign_7nh.tdf               ;         ;
; db/alt_u_div_k2f.tdf                     ; yes             ; Auto-Generated Megafunction  ; //Mac/Home/Desktop/FPGA/BCD_Decoder/db/alt_u_div_k2f.tdf                     ;         ;
+------------------------------------------+-----------------+------------------------------+------------------------------------------------------------------------------+---------+


+-----------------------------------------------------------+
; Analysis & Synthesis Resource Usage Summary               ;
+---------------------------------------------+-------------+
; Resource                                    ; Usage       ;
+---------------------------------------------+-------------+
; Estimate of Logic utilization (ALMs needed) ; 699         ;
;                                             ;             ;
; Combinational ALUT usage for logic          ; 1394        ;
;     -- 7 input functions                    ; 2           ;
;     -- 6 input functions                    ; 2           ;
;     -- 5 input functions                    ; 30          ;
;     -- 4 input functions                    ; 333         ;
;     -- <=3 input functions                  ; 1027        ;
;                                             ;             ;
; Dedicated logic registers                   ; 48          ;
;                                             ;             ;
; I/O pins                                    ; 47          ;
;                                             ;             ;
; Total DSP Blocks                            ; 0           ;
;                                             ;             ;
; Maximum fan-out node                        ; Reset~input ;
; Maximum fan-out                             ; 51          ;
; Total fan-out                               ; 4483        ;
; Average fan-out                             ; 2.92        ;
+---------------------------------------------+-------------+


+-------------------------------------------------------------------------------------------------------------------------------------------------------------------------------------------------------------------------------------------------------------------------------------------------------------------------------+
; Analysis & Synthesis Resource Utilization by Entity                                                                                                                                                                                                                                                                           ;
+-------------------------------------------------+---------------------+---------------------------+-------------------+------------+------+--------------+--------------------------------------------------------------------------------------------------------------+--------------------------------------+--------------+
; Compilation Hierarchy Node                      ; Combinational ALUTs ; Dedicated Logic Registers ; Block Memory Bits ; DSP Blocks ; Pins ; Virtual Pins ; Full Hierarchy Name                                                                                          ; Entity Name                          ; Library Name ;
+-------------------------------------------------+---------------------+---------------------------+-------------------+------------+------+--------------+--------------------------------------------------------------------------------------------------------------+--------------------------------------+--------------+
; |BCD_Decoder                                    ; 1394 (26)           ; 48 (48)                   ; 0                 ; 0          ; 47   ; 0            ; |BCD_Decoder                                                                                                 ; BCD_Decoder                          ; work         ;
;    |Seven_Segment_Decoder_withENandRESET:BDEC0| ; 7 (7)               ; 0 (0)                     ; 0                 ; 0          ; 0    ; 0            ; |BCD_Decoder|Seven_Segment_Decoder_withENandRESET:BDEC0                                                      ; Seven_Segment_Decoder_withENandRESET ; work         ;
;    |Seven_Segment_Decoder_withENandRESET:BDEC1| ; 7 (7)               ; 0 (0)                     ; 0                 ; 0          ; 0    ; 0            ; |BCD_Decoder|Seven_Segment_Decoder_withENandRESET:BDEC1                                                      ; Seven_Segment_Decoder_withENandRESET ; work         ;
;    |Seven_Segment_Decoder_withENandRESET:BDEC2| ; 7 (7)               ; 0 (0)                     ; 0                 ; 0          ; 0    ; 0            ; |BCD_Decoder|Seven_Segment_Decoder_withENandRESET:BDEC2                                                      ; Seven_Segment_Decoder_withENandRESET ; work         ;
;    |Seven_Segment_Decoder_withENandRESET:BDEC3| ; 7 (7)               ; 0 (0)                     ; 0                 ; 0          ; 0    ; 0            ; |BCD_Decoder|Seven_Segment_Decoder_withENandRESET:BDEC3                                                      ; Seven_Segment_Decoder_withENandRESET ; work         ;
;    |lpm_divide:Div0|                            ; 89 (0)              ; 0 (0)                     ; 0                 ; 0          ; 0    ; 0            ; |BCD_Decoder|lpm_divide:Div0                                                                                 ; lpm_divide                           ; work         ;
;       |lpm_divide_kbm:auto_generated|           ; 89 (0)              ; 0 (0)                     ; 0                 ; 0          ; 0    ; 0            ; |BCD_Decoder|lpm_divide:Div0|lpm_divide_kbm:auto_generated                                                   ; lpm_divide_kbm                       ; work         ;
;          |sign_div_unsign_qlh:divider|          ; 89 (0)              ; 0 (0)                     ; 0                 ; 0          ; 0    ; 0            ; |BCD_Decoder|lpm_divide:Div0|lpm_divide_kbm:auto_generated|sign_div_unsign_qlh:divider                       ; sign_div_unsign_qlh                  ; work         ;
;             |alt_u_div_qve:divider|             ; 89 (89)             ; 0 (0)                     ; 0                 ; 0          ; 0    ; 0            ; |BCD_Decoder|lpm_divide:Div0|lpm_divide_kbm:auto_generated|sign_div_unsign_qlh:divider|alt_u_div_qve:divider ; alt_u_div_qve                        ; work         ;
;    |lpm_divide:Div1|                            ; 148 (0)             ; 0 (0)                     ; 0                 ; 0          ; 0    ; 0            ; |BCD_Decoder|lpm_divide:Div1                                                                                 ; lpm_divide                           ; work         ;
;       |lpm_divide_kbm:auto_generated|           ; 148 (0)             ; 0 (0)                     ; 0                 ; 0          ; 0    ; 0            ; |BCD_Decoder|lpm_divide:Div1|lpm_divide_kbm:auto_generated                                                   ; lpm_divide_kbm                       ; work         ;
;          |sign_div_unsign_qlh:divider|          ; 148 (0)             ; 0 (0)                     ; 0                 ; 0          ; 0    ; 0            ; |BCD_Decoder|lpm_divide:Div1|lpm_divide_kbm:auto_generated|sign_div_unsign_qlh:divider                       ; sign_div_unsign_qlh                  ; work         ;
;             |alt_u_div_qve:divider|             ; 148 (148)           ; 0 (0)                     ; 0                 ; 0          ; 0    ; 0            ; |BCD_Decoder|lpm_divide:Div1|lpm_divide_kbm:auto_generated|sign_div_unsign_qlh:divider|alt_u_div_qve:divider ; alt_u_div_qve                        ; work         ;
;    |lpm_divide:Div2|                            ; 129 (0)             ; 0 (0)                     ; 0                 ; 0          ; 0    ; 0            ; |BCD_Decoder|lpm_divide:Div2                                                                                 ; lpm_divide                           ; work         ;
;       |lpm_divide_nbm:auto_generated|           ; 129 (0)             ; 0 (0)                     ; 0                 ; 0          ; 0    ; 0            ; |BCD_Decoder|lpm_divide:Div2|lpm_divide_nbm:auto_generated                                                   ; lpm_divide_nbm                       ; work         ;
;          |sign_div_unsign_tlh:divider|          ; 129 (0)             ; 0 (0)                     ; 0                 ; 0          ; 0    ; 0            ; |BCD_Decoder|lpm_divide:Div2|lpm_divide_nbm:auto_generated|sign_div_unsign_tlh:divider                       ; sign_div_unsign_tlh                  ; work         ;
;             |alt_u_div_00f:divider|             ; 129 (129)           ; 0 (0)                     ; 0                 ; 0          ; 0    ; 0            ; |BCD_Decoder|lpm_divide:Div2|lpm_divide_nbm:auto_generated|sign_div_unsign_tlh:divider|alt_u_div_00f:divider ; alt_u_div_00f                        ; work         ;
;    |lpm_divide:Div3|                            ; 182 (0)             ; 0 (0)                     ; 0                 ; 0          ; 0    ; 0            ; |BCD_Decoder|lpm_divide:Div3                                                                                 ; lpm_divide                           ; work         ;
;       |lpm_divide_nbm:auto_generated|           ; 182 (0)             ; 0 (0)                     ; 0                 ; 0          ; 0    ; 0            ; |BCD_Decoder|lpm_divide:Div3|lpm_divide_nbm:auto_generated                                                   ; lpm_divide_nbm                       ; work         ;
;          |sign_div_unsign_tlh:divider|          ; 182 (0)             ; 0 (0)                     ; 0                 ; 0          ; 0    ; 0            ; |BCD_Decoder|lpm_divide:Div3|lpm_divide_nbm:auto_generated|sign_div_unsign_tlh:divider                       ; sign_div_unsign_tlh                  ; work         ;
;             |alt_u_div_00f:divider|             ; 182 (182)           ; 0 (0)                     ; 0                 ; 0          ; 0    ; 0            ; |BCD_Decoder|lpm_divide:Div3|lpm_divide_nbm:auto_generated|sign_div_unsign_tlh:divider|alt_u_div_00f:divider ; alt_u_div_00f                        ; work         ;
;    |lpm_divide:Div4|                            ; 150 (0)             ; 0 (0)                     ; 0                 ; 0          ; 0    ; 0            ; |BCD_Decoder|lpm_divide:Div4                                                                                 ; lpm_divide                           ; work         ;
;       |lpm_divide_1dm:auto_generated|           ; 150 (0)             ; 0 (0)                     ; 0                 ; 0          ; 0    ; 0            ; |BCD_Decoder|lpm_divide:Div4|lpm_divide_1dm:auto_generated                                                   ; lpm_divide_1dm                       ; work         ;
;          |sign_div_unsign_7nh:divider|          ; 150 (0)             ; 0 (0)                     ; 0                 ; 0          ; 0    ; 0            ; |BCD_Decoder|lpm_divide:Div4|lpm_divide_1dm:auto_generated|sign_div_unsign_7nh:divider                       ; sign_div_unsign_7nh                  ; work         ;
;             |alt_u_div_k2f:divider|             ; 150 (150)           ; 0 (0)                     ; 0                 ; 0          ; 0    ; 0            ; |BCD_Decoder|lpm_divide:Div4|lpm_divide_1dm:auto_generated|sign_div_unsign_7nh:divider|alt_u_div_k2f:divider ; alt_u_div_k2f                        ; work         ;
;    |lpm_divide:Mod0|                            ; 218 (0)             ; 0 (0)                     ; 0                 ; 0          ; 0    ; 0            ; |BCD_Decoder|lpm_divide:Mod0                                                                                 ; lpm_divide                           ; work         ;
;       |lpm_divide_a5m:auto_generated|           ; 218 (0)             ; 0 (0)                     ; 0                 ; 0          ; 0    ; 0            ; |BCD_Decoder|lpm_divide:Mod0|lpm_divide_a5m:auto_generated                                                   ; lpm_divide_a5m                       ; work         ;
;          |sign_div_unsign_dnh:divider|          ; 218 (0)             ; 0 (0)                     ; 0                 ; 0          ; 0    ; 0            ; |BCD_Decoder|lpm_divide:Mod0|lpm_divide_a5m:auto_generated|sign_div_unsign_dnh:divider                       ; sign_div_unsign_dnh                  ; work         ;
;             |alt_u_div_03f:divider|             ; 218 (218)           ; 0 (0)                     ; 0                 ; 0          ; 0    ; 0            ; |BCD_Decoder|lpm_divide:Mod0|lpm_divide_a5m:auto_generated|sign_div_unsign_dnh:divider|alt_u_div_03f:divider ; alt_u_div_03f                        ; work         ;
;    |lpm_divide:Mod1|                            ; 222 (0)             ; 0 (0)                     ; 0                 ; 0          ; 0    ; 0            ; |BCD_Decoder|lpm_divide:Mod1                                                                                 ; lpm_divide                           ; work         ;
;       |lpm_divide_a5m:auto_generated|           ; 222 (0)             ; 0 (0)                     ; 0                 ; 0          ; 0    ; 0            ; |BCD_Decoder|lpm_divide:Mod1|lpm_divide_a5m:auto_generated                                                   ; lpm_divide_a5m                       ; work         ;
;          |sign_div_unsign_dnh:divider|          ; 222 (0)             ; 0 (0)                     ; 0                 ; 0          ; 0    ; 0            ; |BCD_Decoder|lpm_divide:Mod1|lpm_divide_a5m:auto_generated|sign_div_unsign_dnh:divider                       ; sign_div_unsign_dnh                  ; work         ;
;             |alt_u_div_03f:divider|             ; 222 (222)           ; 0 (0)                     ; 0                 ; 0          ; 0    ; 0            ; |BCD_Decoder|lpm_divide:Mod1|lpm_divide_a5m:auto_generated|sign_div_unsign_dnh:divider|alt_u_div_03f:divider ; alt_u_div_03f                        ; work         ;
;    |lpm_divide:Mod2|                            ; 202 (0)             ; 0 (0)                     ; 0                 ; 0          ; 0    ; 0            ; |BCD_Decoder|lpm_divide:Mod2                                                                                 ; lpm_divide                           ; work         ;
;       |lpm_divide_a5m:auto_generated|           ; 202 (0)             ; 0 (0)                     ; 0                 ; 0          ; 0    ; 0            ; |BCD_Decoder|lpm_divide:Mod2|lpm_divide_a5m:auto_generated                                                   ; lpm_divide_a5m                       ; work         ;
;          |sign_div_unsign_dnh:divider|          ; 202 (0)             ; 0 (0)                     ; 0                 ; 0          ; 0    ; 0            ; |BCD_Decoder|lpm_divide:Mod2|lpm_divide_a5m:auto_generated|sign_div_unsign_dnh:divider                       ; sign_div_unsign_dnh                  ; work         ;
;             |alt_u_div_03f:divider|             ; 202 (202)           ; 0 (0)                     ; 0                 ; 0          ; 0    ; 0            ; |BCD_Decoder|lpm_divide:Mod2|lpm_divide_a5m:auto_generated|sign_div_unsign_dnh:divider|alt_u_div_03f:divider ; alt_u_div_03f                        ; work         ;
+-------------------------------------------------+---------------------+---------------------------+-------------------+------------+------+--------------+--------------------------------------------------------------------------------------------------------------+--------------------------------------+--------------+
Note: For table entries with two numbers listed, the numbers in parentheses indicate the number of resources of the given type used by the specific entity alone. The numbers listed outside of parentheses indicate the total resources of the given type used by the specific entity and all of its sub-entities in the hierarchy.


+-----------------------------------------------------------------------------------------------------+
; User-Specified and Inferred Latches                                                                 ;
+------------------------------------------------------+---------------------+------------------------+
; Latch Name                                           ; Latch Enable Signal ; Free of Timing Hazards ;
+------------------------------------------------------+---------------------+------------------------+
; Seven_Segment_Decoder_withENandRESET:BDEC0|output[0] ; VCC                 ; yes                    ;
; Seven_Segment_Decoder_withENandRESET:BDEC0|output[1] ; VCC                 ; yes                    ;
; Seven_Segment_Decoder_withENandRESET:BDEC0|output[2] ; VCC                 ; yes                    ;
; Seven_Segment_Decoder_withENandRESET:BDEC0|output[3] ; VCC                 ; yes                    ;
; Seven_Segment_Decoder_withENandRESET:BDEC0|output[4] ; VCC                 ; yes                    ;
; Seven_Segment_Decoder_withENandRESET:BDEC0|output[5] ; VCC                 ; yes                    ;
; Seven_Segment_Decoder_withENandRESET:BDEC0|output[6] ; VCC                 ; yes                    ;
; Seven_Segment_Decoder_withENandRESET:BDEC1|output[0] ; VCC                 ; yes                    ;
; Seven_Segment_Decoder_withENandRESET:BDEC1|output[1] ; VCC                 ; yes                    ;
; Seven_Segment_Decoder_withENandRESET:BDEC1|output[2] ; VCC                 ; yes                    ;
; Seven_Segment_Decoder_withENandRESET:BDEC1|output[3] ; VCC                 ; yes                    ;
; Seven_Segment_Decoder_withENandRESET:BDEC1|output[4] ; VCC                 ; yes                    ;
; Seven_Segment_Decoder_withENandRESET:BDEC1|output[5] ; VCC                 ; yes                    ;
; Seven_Segment_Decoder_withENandRESET:BDEC1|output[6] ; VCC                 ; yes                    ;
; Seven_Segment_Decoder_withENandRESET:BDEC2|output[0] ; VCC                 ; yes                    ;
; Seven_Segment_Decoder_withENandRESET:BDEC2|output[1] ; VCC                 ; yes                    ;
; Seven_Segment_Decoder_withENandRESET:BDEC2|output[2] ; VCC                 ; yes                    ;
; Seven_Segment_Decoder_withENandRESET:BDEC2|output[3] ; VCC                 ; yes                    ;
; Seven_Segment_Decoder_withENandRESET:BDEC2|output[4] ; VCC                 ; yes                    ;
; Seven_Segment_Decoder_withENandRESET:BDEC2|output[5] ; VCC                 ; yes                    ;
; Seven_Segment_Decoder_withENandRESET:BDEC2|output[6] ; VCC                 ; yes                    ;
; Seven_Segment_Decoder_withENandRESET:BDEC3|output[0] ; VCC                 ; yes                    ;
; Seven_Segment_Decoder_withENandRESET:BDEC3|output[1] ; VCC                 ; yes                    ;
; Seven_Segment_Decoder_withENandRESET:BDEC3|output[2] ; VCC                 ; yes                    ;
; Seven_Segment_Decoder_withENandRESET:BDEC3|output[3] ; VCC                 ; yes                    ;
; Seven_Segment_Decoder_withENandRESET:BDEC3|output[4] ; VCC                 ; yes                    ;
; Seven_Segment_Decoder_withENandRESET:BDEC3|output[5] ; VCC                 ; yes                    ;
; Seven_Segment_Decoder_withENandRESET:BDEC3|output[6] ; VCC                 ; yes                    ;
; Seven_Segment_Decoder_withENandRESET:BDEC4|output[0] ; VCC                 ; yes                    ;
; Seven_Segment_Decoder_withENandRESET:BDEC4|output[1] ; VCC                 ; yes                    ;
; Seven_Segment_Decoder_withENandRESET:BDEC4|output[2] ; VCC                 ; yes                    ;
; Seven_Segment_Decoder_withENandRESET:BDEC4|output[3] ; VCC                 ; yes                    ;
; Seven_Segment_Decoder_withENandRESET:BDEC4|output[4] ; VCC                 ; yes                    ;
; Seven_Segment_Decoder_withENandRESET:BDEC4|output[5] ; VCC                 ; yes                    ;
; Number of user-specified and inferred latches = 34   ;                     ;                        ;
+------------------------------------------------------+---------------------+------------------------+
Note: All latches listed above may not be present at the end of synthesis due to various synthesis optimizations.


+---------------------------------------------------------------------------------+
; Registers Removed During Synthesis                                              ;
+----------------------------------------+----------------------------------------+
; Register name                          ; Reason for Removal                     ;
+----------------------------------------+----------------------------------------+
; bcd4[0..3]                             ; Stuck at GND due to stuck port data_in ;
; remainder3[0..15]                      ; Lost fanout                            ;
; Total Number of Removed Registers = 20 ;                                        ;
+----------------------------------------+----------------------------------------+


+------------------------------------------------------+
; General Register Statistics                          ;
+----------------------------------------------+-------+
; Statistic                                    ; Value ;
+----------------------------------------------+-------+
; Total registers                              ; 48    ;
; Number of registers using Synchronous Clear  ; 0     ;
; Number of registers using Synchronous Load   ; 32    ;
; Number of registers using Asynchronous Clear ; 16    ;
; Number of registers using Asynchronous Load  ; 0     ;
; Number of registers using Clock Enable       ; 32    ;
; Number of registers using Preset             ; 0     ;
+----------------------------------------------+-------+


+------------------------------------------------------------------------------------------------------------------------------------------+
; Multiplexer Restructuring Statistics (Restructuring Performed)                                                                           ;
+--------------------+-----------+---------------+----------------------+------------------------+------------+----------------------------+
; Multiplexer Inputs ; Bus Width ; Baseline Area ; Area if Restructured ; Saving if Restructured ; Registered ; Example Multiplexer Output ;
+--------------------+-----------+---------------+----------------------+------------------------+------------+----------------------------+
; 3:1                ; 4 bits    ; 8 LEs         ; 8 LEs                ; 0 LEs                  ; Yes        ; |BCD_Decoder|bcd2[0]       ;
; 4:1                ; 4 bits    ; 8 LEs         ; 8 LEs                ; 0 LEs                  ; Yes        ; |BCD_Decoder|bcd1[3]       ;
+--------------------+-----------+---------------+----------------------+------------------------+------------+----------------------------+


+------------------------------------------------------------------+
; Parameter Settings for Inferred Entity Instance: lpm_divide:Mod0 ;
+------------------------+----------------+------------------------+
; Parameter Name         ; Value          ; Type                   ;
+------------------------+----------------+------------------------+
; LPM_WIDTHN             ; 16             ; Untyped                ;
; LPM_WIDTHD             ; 16             ; Untyped                ;
; LPM_NREPRESENTATION    ; UNSIGNED       ; Untyped                ;
; LPM_DREPRESENTATION    ; UNSIGNED       ; Untyped                ;
; LPM_PIPELINE           ; 0              ; Untyped                ;
; LPM_REMAINDERPOSITIVE  ; TRUE           ; Untyped                ;
; MAXIMIZE_SPEED         ; 5              ; Untyped                ;
; CBXI_PARAMETER         ; lpm_divide_a5m ; Untyped                ;
; CARRY_CHAIN            ; MANUAL         ; Untyped                ;
; OPTIMIZE_FOR_SPEED     ; 5              ; Untyped                ;
; AUTO_CARRY_CHAINS      ; ON             ; AUTO_CARRY             ;
; IGNORE_CARRY_BUFFERS   ; OFF            ; IGNORE_CARRY           ;
; AUTO_CASCADE_CHAINS    ; ON             ; AUTO_CASCADE           ;
; IGNORE_CASCADE_BUFFERS ; OFF            ; IGNORE_CASCADE         ;
+------------------------+----------------+------------------------+
Note: In order to hide this table in the UI and the text report file, please set the "Show Parameter Settings in Synthesis Report" option in "Analysis and Synthesis Settings -> More Settings" to "Off".


+------------------------------------------------------------------+
; Parameter Settings for Inferred Entity Instance: lpm_divide:Div0 ;
+------------------------+----------------+------------------------+
; Parameter Name         ; Value          ; Type                   ;
+------------------------+----------------+------------------------+
; LPM_WIDTHN             ; 16             ; Untyped                ;
; LPM_WIDTHD             ; 4              ; Untyped                ;
; LPM_NREPRESENTATION    ; UNSIGNED       ; Untyped                ;
; LPM_DREPRESENTATION    ; UNSIGNED       ; Untyped                ;
; LPM_PIPELINE           ; 0              ; Untyped                ;
; LPM_REMAINDERPOSITIVE  ; TRUE           ; Untyped                ;
; MAXIMIZE_SPEED         ; 5              ; Untyped                ;
; CBXI_PARAMETER         ; lpm_divide_kbm ; Untyped                ;
; CARRY_CHAIN            ; MANUAL         ; Untyped                ;
; OPTIMIZE_FOR_SPEED     ; 5              ; Untyped                ;
; AUTO_CARRY_CHAINS      ; ON             ; AUTO_CARRY             ;
; IGNORE_CARRY_BUFFERS   ; OFF            ; IGNORE_CARRY           ;
; AUTO_CASCADE_CHAINS    ; ON             ; AUTO_CASCADE           ;
; IGNORE_CASCADE_BUFFERS ; OFF            ; IGNORE_CASCADE         ;
+------------------------+----------------+------------------------+
Note: In order to hide this table in the UI and the text report file, please set the "Show Parameter Settings in Synthesis Report" option in "Analysis and Synthesis Settings -> More Settings" to "Off".


+------------------------------------------------------------------+
; Parameter Settings for Inferred Entity Instance: lpm_divide:Div1 ;
+------------------------+----------------+------------------------+
; Parameter Name         ; Value          ; Type                   ;
+------------------------+----------------+------------------------+
; LPM_WIDTHN             ; 16             ; Untyped                ;
; LPM_WIDTHD             ; 4              ; Untyped                ;
; LPM_NREPRESENTATION    ; UNSIGNED       ; Untyped                ;
; LPM_DREPRESENTATION    ; UNSIGNED       ; Untyped                ;
; LPM_PIPELINE           ; 0              ; Untyped                ;
; LPM_REMAINDERPOSITIVE  ; TRUE           ; Untyped                ;
; MAXIMIZE_SPEED         ; 5              ; Untyped                ;
; CBXI_PARAMETER         ; lpm_divide_kbm ; Untyped                ;
; CARRY_CHAIN            ; MANUAL         ; Untyped                ;
; OPTIMIZE_FOR_SPEED     ; 5              ; Untyped                ;
; AUTO_CARRY_CHAINS      ; ON             ; AUTO_CARRY             ;
; IGNORE_CARRY_BUFFERS   ; OFF            ; IGNORE_CARRY           ;
; AUTO_CASCADE_CHAINS    ; ON             ; AUTO_CASCADE           ;
; IGNORE_CASCADE_BUFFERS ; OFF            ; IGNORE_CASCADE         ;
+------------------------+----------------+------------------------+
Note: In order to hide this table in the UI and the text report file, please set the "Show Parameter Settings in Synthesis Report" option in "Analysis and Synthesis Settings -> More Settings" to "Off".


+------------------------------------------------------------------+
; Parameter Settings for Inferred Entity Instance: lpm_divide:Div3 ;
+------------------------+----------------+------------------------+
; Parameter Name         ; Value          ; Type                   ;
+------------------------+----------------+------------------------+
; LPM_WIDTHN             ; 16             ; Untyped                ;
; LPM_WIDTHD             ; 7              ; Untyped                ;
; LPM_NREPRESENTATION    ; UNSIGNED       ; Untyped                ;
; LPM_DREPRESENTATION    ; UNSIGNED       ; Untyped                ;
; LPM_PIPELINE           ; 0              ; Untyped                ;
; LPM_REMAINDERPOSITIVE  ; TRUE           ; Untyped                ;
; MAXIMIZE_SPEED         ; 5              ; Untyped                ;
; CBXI_PARAMETER         ; lpm_divide_nbm ; Untyped                ;
; CARRY_CHAIN            ; MANUAL         ; Untyped                ;
; OPTIMIZE_FOR_SPEED     ; 5              ; Untyped                ;
; AUTO_CARRY_CHAINS      ; ON             ; AUTO_CARRY             ;
; IGNORE_CARRY_BUFFERS   ; OFF            ; IGNORE_CARRY           ;
; AUTO_CASCADE_CHAINS    ; ON             ; AUTO_CASCADE           ;
; IGNORE_CASCADE_BUFFERS ; OFF            ; IGNORE_CASCADE         ;
+------------------------+----------------+------------------------+
Note: In order to hide this table in the UI and the text report file, please set the "Show Parameter Settings in Synthesis Report" option in "Analysis and Synthesis Settings -> More Settings" to "Off".


+------------------------------------------------------------------+
; Parameter Settings for Inferred Entity Instance: lpm_divide:Div2 ;
+------------------------+----------------+------------------------+
; Parameter Name         ; Value          ; Type                   ;
+------------------------+----------------+------------------------+
; LPM_WIDTHN             ; 16             ; Untyped                ;
; LPM_WIDTHD             ; 7              ; Untyped                ;
; LPM_NREPRESENTATION    ; UNSIGNED       ; Untyped                ;
; LPM_DREPRESENTATION    ; UNSIGNED       ; Untyped                ;
; LPM_PIPELINE           ; 0              ; Untyped                ;
; LPM_REMAINDERPOSITIVE  ; TRUE           ; Untyped                ;
; MAXIMIZE_SPEED         ; 5              ; Untyped                ;
; CBXI_PARAMETER         ; lpm_divide_nbm ; Untyped                ;
; CARRY_CHAIN            ; MANUAL         ; Untyped                ;
; OPTIMIZE_FOR_SPEED     ; 5              ; Untyped                ;
; AUTO_CARRY_CHAINS      ; ON             ; AUTO_CARRY             ;
; IGNORE_CARRY_BUFFERS   ; OFF            ; IGNORE_CARRY           ;
; AUTO_CASCADE_CHAINS    ; ON             ; AUTO_CASCADE           ;
; IGNORE_CASCADE_BUFFERS ; OFF            ; IGNORE_CASCADE         ;
+------------------------+----------------+------------------------+
Note: In order to hide this table in the UI and the text report file, please set the "Show Parameter Settings in Synthesis Report" option in "Analysis and Synthesis Settings -> More Settings" to "Off".


+------------------------------------------------------------------+
; Parameter Settings for Inferred Entity Instance: lpm_divide:Div4 ;
+------------------------+----------------+------------------------+
; Parameter Name         ; Value          ; Type                   ;
+------------------------+----------------+------------------------+
; LPM_WIDTHN             ; 16             ; Untyped                ;
; LPM_WIDTHD             ; 10             ; Untyped                ;
; LPM_NREPRESENTATION    ; UNSIGNED       ; Untyped                ;
; LPM_DREPRESENTATION    ; UNSIGNED       ; Untyped                ;
; LPM_PIPELINE           ; 0              ; Untyped                ;
; LPM_REMAINDERPOSITIVE  ; TRUE           ; Untyped                ;
; MAXIMIZE_SPEED         ; 5              ; Untyped                ;
; CBXI_PARAMETER         ; lpm_divide_1dm ; Untyped                ;
; CARRY_CHAIN            ; MANUAL         ; Untyped                ;
; OPTIMIZE_FOR_SPEED     ; 5              ; Untyped                ;
; AUTO_CARRY_CHAINS      ; ON             ; AUTO_CARRY             ;
; IGNORE_CARRY_BUFFERS   ; OFF            ; IGNORE_CARRY           ;
; AUTO_CASCADE_CHAINS    ; ON             ; AUTO_CASCADE           ;
; IGNORE_CASCADE_BUFFERS ; OFF            ; IGNORE_CASCADE         ;
+------------------------+----------------+------------------------+
Note: In order to hide this table in the UI and the text report file, please set the "Show Parameter Settings in Synthesis Report" option in "Analysis and Synthesis Settings -> More Settings" to "Off".


+------------------------------------------------------------------+
; Parameter Settings for Inferred Entity Instance: lpm_divide:Mod1 ;
+------------------------+----------------+------------------------+
; Parameter Name         ; Value          ; Type                   ;
+------------------------+----------------+------------------------+
; LPM_WIDTHN             ; 16             ; Untyped                ;
; LPM_WIDTHD             ; 16             ; Untyped                ;
; LPM_NREPRESENTATION    ; UNSIGNED       ; Untyped                ;
; LPM_DREPRESENTATION    ; UNSIGNED       ; Untyped                ;
; LPM_PIPELINE           ; 0              ; Untyped                ;
; LPM_REMAINDERPOSITIVE  ; TRUE           ; Untyped                ;
; MAXIMIZE_SPEED         ; 5              ; Untyped                ;
; CBXI_PARAMETER         ; lpm_divide_a5m ; Untyped                ;
; CARRY_CHAIN            ; MANUAL         ; Untyped                ;
; OPTIMIZE_FOR_SPEED     ; 5              ; Untyped                ;
; AUTO_CARRY_CHAINS      ; ON             ; AUTO_CARRY             ;
; IGNORE_CARRY_BUFFERS   ; OFF            ; IGNORE_CARRY           ;
; AUTO_CASCADE_CHAINS    ; ON             ; AUTO_CASCADE           ;
; IGNORE_CASCADE_BUFFERS ; OFF            ; IGNORE_CASCADE         ;
+------------------------+----------------+------------------------+
Note: In order to hide this table in the UI and the text report file, please set the "Show Parameter Settings in Synthesis Report" option in "Analysis and Synthesis Settings -> More Settings" to "Off".


+------------------------------------------------------------------+
; Parameter Settings for Inferred Entity Instance: lpm_divide:Mod2 ;
+------------------------+----------------+------------------------+
; Parameter Name         ; Value          ; Type                   ;
+------------------------+----------------+------------------------+
; LPM_WIDTHN             ; 16             ; Untyped                ;
; LPM_WIDTHD             ; 16             ; Untyped                ;
; LPM_NREPRESENTATION    ; UNSIGNED       ; Untyped                ;
; LPM_DREPRESENTATION    ; UNSIGNED       ; Untyped                ;
; LPM_PIPELINE           ; 0              ; Untyped                ;
; LPM_REMAINDERPOSITIVE  ; TRUE           ; Untyped                ;
; MAXIMIZE_SPEED         ; 5              ; Untyped                ;
; CBXI_PARAMETER         ; lpm_divide_a5m ; Untyped                ;
; CARRY_CHAIN            ; MANUAL         ; Untyped                ;
; OPTIMIZE_FOR_SPEED     ; 5              ; Untyped                ;
; AUTO_CARRY_CHAINS      ; ON             ; AUTO_CARRY             ;
; IGNORE_CARRY_BUFFERS   ; OFF            ; IGNORE_CARRY           ;
; AUTO_CASCADE_CHAINS    ; ON             ; AUTO_CASCADE           ;
; IGNORE_CASCADE_BUFFERS ; OFF            ; IGNORE_CASCADE         ;
+------------------------+----------------+------------------------+
Note: In order to hide this table in the UI and the text report file, please set the "Show Parameter Settings in Synthesis Report" option in "Analysis and Synthesis Settings -> More Settings" to "Off".


+------------------------------------------------------------------------+
; Port Connectivity Checks: "Seven_Segment_Decoder_withENandRESET:BDEC4" ;
+--------+-------+----------+--------------------------------------------+
; Port   ; Type  ; Severity ; Details                                    ;
+--------+-------+----------+--------------------------------------------+
; enable ; Input ; Info     ; Stuck at GND                               ;
+--------+-------+----------+--------------------------------------------+


+------------------------------------------------------------------------+
; Port Connectivity Checks: "Seven_Segment_Decoder_withENandRESET:BDEC3" ;
+--------+-------+----------+--------------------------------------------+
; Port   ; Type  ; Severity ; Details                                    ;
+--------+-------+----------+--------------------------------------------+
; enable ; Input ; Info     ; Stuck at GND                               ;
+--------+-------+----------+--------------------------------------------+


+------------------------------------------------------------------------+
; Port Connectivity Checks: "Seven_Segment_Decoder_withENandRESET:BDEC2" ;
+--------+-------+----------+--------------------------------------------+
; Port   ; Type  ; Severity ; Details                                    ;
+--------+-------+----------+--------------------------------------------+
; enable ; Input ; Info     ; Stuck at GND                               ;
+--------+-------+----------+--------------------------------------------+


+------------------------------------------------------------------------+
; Port Connectivity Checks: "Seven_Segment_Decoder_withENandRESET:BDEC1" ;
+--------+-------+----------+--------------------------------------------+
; Port   ; Type  ; Severity ; Details                                    ;
+--------+-------+----------+--------------------------------------------+
; enable ; Input ; Info     ; Stuck at GND                               ;
+--------+-------+----------+--------------------------------------------+


+------------------------------------------------------------------------+
; Port Connectivity Checks: "Seven_Segment_Decoder_withENandRESET:BDEC0" ;
+--------+-------+----------+--------------------------------------------+
; Port   ; Type  ; Severity ; Details                                    ;
+--------+-------+----------+--------------------------------------------+
; enable ; Input ; Info     ; Stuck at GND                               ;
+--------+-------+----------+--------------------------------------------+


+-----------------------------------------------------+
; Post-Synthesis Netlist Statistics for Top Partition ;
+-----------------------+-----------------------------+
; Type                  ; Count                       ;
+-----------------------+-----------------------------+
; arriav_ff             ; 48                          ;
;     CLR               ; 16                          ;
;     ENA SLD           ; 32                          ;
; arriav_lcell_comb     ; 1396                        ;
;     arith             ; 690                         ;
;         0 data inputs ; 130                         ;
;         1 data inputs ; 64                          ;
;         2 data inputs ; 43                          ;
;         3 data inputs ; 249                         ;
;         4 data inputs ; 204                         ;
;     extend            ; 2                           ;
;         7 data inputs ; 2                           ;
;     normal            ; 641                         ;
;         0 data inputs ; 1                           ;
;         1 data inputs ; 1                           ;
;         2 data inputs ; 356                         ;
;         3 data inputs ; 122                         ;
;         4 data inputs ; 129                         ;
;         5 data inputs ; 30                          ;
;         6 data inputs ; 2                           ;
;     shared            ; 63                          ;
;         0 data inputs ; 34                          ;
;         1 data inputs ; 29                          ;
; boundary_port         ; 47                          ;
;                       ;                             ;
; Max LUT depth         ; 21.40                       ;
; Average LUT depth     ; 15.86                       ;
+-----------------------+-----------------------------+


+-------------------------------+
; Elapsed Time Per Partition    ;
+----------------+--------------+
; Partition Name ; Elapsed Time ;
+----------------+--------------+
; Top            ; 00:00:02     ;
+----------------+--------------+


+-------------------------------+
; Analysis & Synthesis Messages ;
+-------------------------------+
Info: *******************************************************************
Info: Running Quartus Prime Analysis & Synthesis
    Info: Version 19.1.0 Build 670 09/22/2019 SJ Standard Edition
    Info: Processing started: Sat Aug 01 23:50:55 2020
Info: Command: quartus_map --read_settings_files=on --write_settings_files=off BCD_Decoder -c BCD_Decoder
Warning (18236): Number of processors has not been specified which may cause overloading on shared machines.  Set the global assignment NUM_PARALLEL_PROCESSORS in your QSF to an appropriate value for best performance.
Info (20030): Parallel compilation is enabled and will use 8 of the 8 processors detected
Info (12021): Found 3 design units, including 1 entities, in source file bcd_decoder.vhd
    Info (12022): Found design unit 1: BCD_Decoder-Behavioral File: //Mac/Home/Desktop/FPGA/BCD_Decoder/BCD_Decoder.vhd Line: 18
    Info (12022): Found design unit 2: BCD_Decoder-RTL File: //Mac/Home/Desktop/FPGA/BCD_Decoder/BCD_Decoder.vhd Line: 186
    Info (12023): Found entity 1: BCD_Decoder File: //Mac/Home/Desktop/FPGA/BCD_Decoder/BCD_Decoder.vhd Line: 5
Info (12021): Found 2 design units, including 1 entities, in source file decoder.vhd
    Info (12022): Found design unit 1: Decoder-Behavioral File: //Mac/Home/Desktop/FPGA/BCD_Decoder/Decoder.vhd Line: 16
    Info (12023): Found entity 1: Decoder File: //Mac/Home/Desktop/FPGA/BCD_Decoder/Decoder.vhd Line: 6
Info (12127): Elaborating entity "BCD_Decoder" for the top level hierarchy
Warning (12125): Using design file seven_segment_decoder_withenandreset.vhd, which is not specified as a design file for the current project, but contains definitions for 2 design units and 1 entities in project
    Info (12022): Found design unit 1: Seven_Segment_Decoder_withENandRESET-Behavioral File: //Mac/Home/Desktop/FPGA/BCD_Decoder/seven_segment_decoder_withenandreset.vhd Line: 17
    Info (12023): Found entity 1: Seven_Segment_Decoder_withENandRESET File: //Mac/Home/Desktop/FPGA/BCD_Decoder/seven_segment_decoder_withenandreset.vhd Line: 5
Info (12128): Elaborating entity "Seven_Segment_Decoder_withENandRESET" for hierarchy "Seven_Segment_Decoder_withENandRESET:BDEC0" File: //Mac/Home/Desktop/FPGA/BCD_Decoder/BCD_Decoder.vhd Line: 314
Warning (10492): VHDL Process Statement warning at seven_segment_decoder_withenandreset.vhd(27): signal "Reset" is read inside the Process Statement but isn't in the Process Statement's sensitivity list File: //Mac/Home/Desktop/FPGA/BCD_Decoder/seven_segment_decoder_withenandreset.vhd Line: 27
Warning (10492): VHDL Process Statement warning at seven_segment_decoder_withenandreset.vhd(29): signal "Enable" is read inside the Process Statement but isn't in the Process Statement's sensitivity list File: //Mac/Home/Desktop/FPGA/BCD_Decoder/seven_segment_decoder_withenandreset.vhd Line: 29
Warning (10631): VHDL Process Statement warning at seven_segment_decoder_withenandreset.vhd(24): inferring latch(es) for signal or variable "output", which holds its previous value in one or more paths through the process File: //Mac/Home/Desktop/FPGA/BCD_Decoder/seven_segment_decoder_withenandreset.vhd Line: 24
Info (10041): Inferred latch for "output[0]" at seven_segment_decoder_withenandreset.vhd(24) File: //Mac/Home/Desktop/FPGA/BCD_Decoder/seven_segment_decoder_withenandreset.vhd Line: 24
Info (10041): Inferred latch for "output[1]" at seven_segment_decoder_withenandreset.vhd(24) File: //Mac/Home/Desktop/FPGA/BCD_Decoder/seven_segment_decoder_withenandreset.vhd Line: 24
Info (10041): Inferred latch for "output[2]" at seven_segment_decoder_withenandreset.vhd(24) File: //Mac/Home/Desktop/FPGA/BCD_Decoder/seven_segment_decoder_withenandreset.vhd Line: 24
Info (10041): Inferred latch for "output[3]" at seven_segment_decoder_withenandreset.vhd(24) File: //Mac/Home/Desktop/FPGA/BCD_Decoder/seven_segment_decoder_withenandreset.vhd Line: 24
Info (10041): Inferred latch for "output[4]" at seven_segment_decoder_withenandreset.vhd(24) File: //Mac/Home/Desktop/FPGA/BCD_Decoder/seven_segment_decoder_withenandreset.vhd Line: 24
Info (10041): Inferred latch for "output[5]" at seven_segment_decoder_withenandreset.vhd(24) File: //Mac/Home/Desktop/FPGA/BCD_Decoder/seven_segment_decoder_withenandreset.vhd Line: 24
Info (10041): Inferred latch for "output[6]" at seven_segment_decoder_withenandreset.vhd(24) File: //Mac/Home/Desktop/FPGA/BCD_Decoder/seven_segment_decoder_withenandreset.vhd Line: 24
Info (278001): Inferred 8 megafunctions from design logic
    Info (278004): Inferred divider/modulo megafunction ("lpm_divide") from the following logic: "Mod0" File: //Mac/Home/Desktop/FPGA/BCD_Decoder/BCD_Decoder.vhd Line: 251
    Info (278004): Inferred divider/modulo megafunction ("lpm_divide") from the following logic: "Div0" File: //Mac/Home/Desktop/FPGA/BCD_Decoder/BCD_Decoder.vhd Line: 253
    Info (278004): Inferred divider/modulo megafunction ("lpm_divide") from the following logic: "Div1" File: //Mac/Home/Desktop/FPGA/BCD_Decoder/BCD_Decoder.vhd Line: 263
    Info (278004): Inferred divider/modulo megafunction ("lpm_divide") from the following logic: "Div3" File: //Mac/Home/Desktop/FPGA/BCD_Decoder/BCD_Decoder.vhd Line: 277
    Info (278004): Inferred divider/modulo megafunction ("lpm_divide") from the following logic: "Div2" File: //Mac/Home/Desktop/FPGA/BCD_Decoder/BCD_Decoder.vhd Line: 265
    Info (278004): Inferred divider/modulo megafunction ("lpm_divide") from the following logic: "Div4" File: //Mac/Home/Desktop/FPGA/BCD_Decoder/BCD_Decoder.vhd Line: 279
    Info (278004): Inferred divider/modulo megafunction ("lpm_divide") from the following logic: "Mod1" File: //Mac/Home/Desktop/FPGA/BCD_Decoder/BCD_Decoder.vhd Line: 262
    Info (278004): Inferred divider/modulo megafunction ("lpm_divide") from the following logic: "Mod2" File: //Mac/Home/Desktop/FPGA/BCD_Decoder/BCD_Decoder.vhd Line: 276
Info (12130): Elaborated megafunction instantiation "lpm_divide:Mod0" File: //Mac/Home/Desktop/FPGA/BCD_Decoder/BCD_Decoder.vhd Line: 251
Info (12133): Instantiated megafunction "lpm_divide:Mod0" with the following parameter: File: //Mac/Home/Desktop/FPGA/BCD_Decoder/BCD_Decoder.vhd Line: 251
    Info (12134): Parameter "LPM_WIDTHN" = "16"
    Info (12134): Parameter "LPM_WIDTHD" = "16"
    Info (12134): Parameter "LPM_NREPRESENTATION" = "UNSIGNED"
    Info (12134): Parameter "LPM_DREPRESENTATION" = "UNSIGNED"
Info (12021): Found 1 design units, including 1 entities, in source file db/lpm_divide_a5m.tdf
    Info (12023): Found entity 1: lpm_divide_a5m File: //Mac/Home/Desktop/FPGA/BCD_Decoder/db/lpm_divide_a5m.tdf Line: 25
Info (12021): Found 1 design units, including 1 entities, in source file db/sign_div_unsign_dnh.tdf
    Info (12023): Found entity 1: sign_div_unsign_dnh File: //Mac/Home/Desktop/FPGA/BCD_Decoder/db/sign_div_unsign_dnh.tdf Line: 25
Info (12021): Found 1 design units, including 1 entities, in source file db/alt_u_div_03f.tdf
    Info (12023): Found entity 1: alt_u_div_03f File: //Mac/Home/Desktop/FPGA/BCD_Decoder/db/alt_u_div_03f.tdf Line: 23
Info (12130): Elaborated megafunction instantiation "lpm_divide:Div0" File: //Mac/Home/Desktop/FPGA/BCD_Decoder/BCD_Decoder.vhd Line: 253
Info (12133): Instantiated megafunction "lpm_divide:Div0" with the following parameter: File: //Mac/Home/Desktop/FPGA/BCD_Decoder/BCD_Decoder.vhd Line: 253
    Info (12134): Parameter "LPM_WIDTHN" = "16"
    Info (12134): Parameter "LPM_WIDTHD" = "4"
    Info (12134): Parameter "LPM_NREPRESENTATION" = "UNSIGNED"
    Info (12134): Parameter "LPM_DREPRESENTATION" = "UNSIGNED"
Info (12021): Found 1 design units, including 1 entities, in source file db/lpm_divide_kbm.tdf
    Info (12023): Found entity 1: lpm_divide_kbm File: //Mac/Home/Desktop/FPGA/BCD_Decoder/db/lpm_divide_kbm.tdf Line: 25
Info (12021): Found 1 design units, including 1 entities, in source file db/sign_div_unsign_qlh.tdf
    Info (12023): Found entity 1: sign_div_unsign_qlh File: //Mac/Home/Desktop/FPGA/BCD_Decoder/db/sign_div_unsign_qlh.tdf Line: 25
Info (12021): Found 1 design units, including 1 entities, in source file db/alt_u_div_qve.tdf
    Info (12023): Found entity 1: alt_u_div_qve File: //Mac/Home/Desktop/FPGA/BCD_Decoder/db/alt_u_div_qve.tdf Line: 23
Info (12130): Elaborated megafunction instantiation "lpm_divide:Div1" File: //Mac/Home/Desktop/FPGA/BCD_Decoder/BCD_Decoder.vhd Line: 263
Info (12133): Instantiated megafunction "lpm_divide:Div1" with the following parameter: File: //Mac/Home/Desktop/FPGA/BCD_Decoder/BCD_Decoder.vhd Line: 263
    Info (12134): Parameter "LPM_WIDTHN" = "16"
    Info (12134): Parameter "LPM_WIDTHD" = "4"
    Info (12134): Parameter "LPM_NREPRESENTATION" = "UNSIGNED"
    Info (12134): Parameter "LPM_DREPRESENTATION" = "UNSIGNED"
Info (12130): Elaborated megafunction instantiation "lpm_divide:Div3" File: //Mac/Home/Desktop/FPGA/BCD_Decoder/BCD_Decoder.vhd Line: 277
Info (12133): Instantiated megafunction "lpm_divide:Div3" with the following parameter: File: //Mac/Home/Desktop/FPGA/BCD_Decoder/BCD_Decoder.vhd Line: 277
    Info (12134): Parameter "LPM_WIDTHN" = "16"
    Info (12134): Parameter "LPM_WIDTHD" = "7"
    Info (12134): Parameter "LPM_NREPRESENTATION" = "UNSIGNED"
    Info (12134): Parameter "LPM_DREPRESENTATION" = "UNSIGNED"
Info (12021): Found 1 design units, including 1 entities, in source file db/lpm_divide_nbm.tdf
    Info (12023): Found entity 1: lpm_divide_nbm File: //Mac/Home/Desktop/FPGA/BCD_Decoder/db/lpm_divide_nbm.tdf Line: 25
Info (12021): Found 1 design units, including 1 entities, in source file db/sign_div_unsign_tlh.tdf
    Info (12023): Found entity 1: sign_div_unsign_tlh File: //Mac/Home/Desktop/FPGA/BCD_Decoder/db/sign_div_unsign_tlh.tdf Line: 25
Info (12021): Found 1 design units, including 1 entities, in source file db/alt_u_div_00f.tdf
    Info (12023): Found entity 1: alt_u_div_00f File: //Mac/Home/Desktop/FPGA/BCD_Decoder/db/alt_u_div_00f.tdf Line: 23
Info (12130): Elaborated megafunction instantiation "lpm_divide:Div2" File: //Mac/Home/Desktop/FPGA/BCD_Decoder/BCD_Decoder.vhd Line: 265
Info (12133): Instantiated megafunction "lpm_divide:Div2" with the following parameter: File: //Mac/Home/Desktop/FPGA/BCD_Decoder/BCD_Decoder.vhd Line: 265
    Info (12134): Parameter "LPM_WIDTHN" = "16"
    Info (12134): Parameter "LPM_WIDTHD" = "7"
    Info (12134): Parameter "LPM_NREPRESENTATION" = "UNSIGNED"
    Info (12134): Parameter "LPM_DREPRESENTATION" = "UNSIGNED"
Info (12130): Elaborated megafunction instantiation "lpm_divide:Div4" File: //Mac/Home/Desktop/FPGA/BCD_Decoder/BCD_Decoder.vhd Line: 279
Info (12133): Instantiated megafunction "lpm_divide:Div4" with the following parameter: File: //Mac/Home/Desktop/FPGA/BCD_Decoder/BCD_Decoder.vhd Line: 279
    Info (12134): Parameter "LPM_WIDTHN" = "16"
    Info (12134): Parameter "LPM_WIDTHD" = "10"
    Info (12134): Parameter "LPM_NREPRESENTATION" = "UNSIGNED"
    Info (12134): Parameter "LPM_DREPRESENTATION" = "UNSIGNED"
Info (12021): Found 1 design units, including 1 entities, in source file db/lpm_divide_1dm.tdf
    Info (12023): Found entity 1: lpm_divide_1dm File: //Mac/Home/Desktop/FPGA/BCD_Decoder/db/lpm_divide_1dm.tdf Line: 25
Info (12021): Found 1 design units, including 1 entities, in source file db/sign_div_unsign_7nh.tdf
    Info (12023): Found entity 1: sign_div_unsign_7nh File: //Mac/Home/Desktop/FPGA/BCD_Decoder/db/sign_div_unsign_7nh.tdf Line: 25
Info (12021): Found 1 design units, including 1 entities, in source file db/alt_u_div_k2f.tdf
    Info (12023): Found entity 1: alt_u_div_k2f File: //Mac/Home/Desktop/FPGA/BCD_Decoder/db/alt_u_div_k2f.tdf Line: 23
Info (12130): Elaborated megafunction instantiation "lpm_divide:Mod1" File: //Mac/Home/Desktop/FPGA/BCD_Decoder/BCD_Decoder.vhd Line: 262
Info (12133): Instantiated megafunction "lpm_divide:Mod1" with the following parameter: File: //Mac/Home/Desktop/FPGA/BCD_Decoder/BCD_Decoder.vhd Line: 262
    Info (12134): Parameter "LPM_WIDTHN" = "16"
    Info (12134): Parameter "LPM_WIDTHD" = "16"
    Info (12134): Parameter "LPM_NREPRESENTATION" = "UNSIGNED"
    Info (12134): Parameter "LPM_DREPRESENTATION" = "UNSIGNED"
Info (12130): Elaborated megafunction instantiation "lpm_divide:Mod2" File: //Mac/Home/Desktop/FPGA/BCD_Decoder/BCD_Decoder.vhd Line: 276
Info (12133): Instantiated megafunction "lpm_divide:Mod2" with the following parameter: File: //Mac/Home/Desktop/FPGA/BCD_Decoder/BCD_Decoder.vhd Line: 276
    Info (12134): Parameter "LPM_WIDTHN" = "16"
    Info (12134): Parameter "LPM_WIDTHD" = "16"
    Info (12134): Parameter "LPM_NREPRESENTATION" = "UNSIGNED"
    Info (12134): Parameter "LPM_DREPRESENTATION" = "UNSIGNED"
Warning (13024): Output pins are stuck at VCC or GND
    Warning (13410): Pin "HEX4[6]" is stuck at VCC File: //Mac/Home/Desktop/FPGA/BCD_Decoder/BCD_Decoder.vhd Line: 14
Info (286030): Timing-Driven Synthesis is running
Info (17049): 16 registers lost all their fanouts during netlist optimizations.
Info (16010): Generating hard_block partition "hard_block:auto_generated_inst"
    Info (16011): Adding 0 node(s), including 0 DDIO, 0 PLL, 0 transceiver and 0 LCELL
Info (21057): Implemented 1441 device resources after synthesis - the final resource count might be different
    Info (21058): Implemented 12 input pins
    Info (21059): Implemented 35 output pins
    Info (21061): Implemented 1394 logic cells
Info: Quartus Prime Analysis & Synthesis was successful. 0 errors, 7 warnings
    Info: Peak virtual memory: 4925 megabytes
    Info: Processing ended: Sat Aug 01 23:51:20 2020
    Info: Elapsed time: 00:00:25
    Info: Total CPU time (on all processors): 00:00:25


