------------------------------------------------------------
Timing Analyzer Summary
------------------------------------------------------------

Type  : Slow 1100mV 85C Model Setup 'count'
Slack : -7.089
TNS   : -47.657

Type  : Slow 1100mV 85C Model Hold 'count'
Slack : -3.926
TNS   : -23.933

Type  : Slow 1100mV 85C Model Recovery 'count'
Slack : -5.649
TNS   : -44.694

Type  : Slow 1100mV 85C Model Removal 'count'
Slack : 2.154
TNS   : 0.000

Type  : Slow 1100mV 85C Model Minimum Pulse Width 'count'
Slack : -0.525
TNS   : -7.455

Type  : Slow 1100mV 85C Model Minimum Pulse Width 'load'
Slack : 0.215
TNS   : 0.000

Type  : Slow 1100mV 0C Model Setup 'count'
Slack : -6.784
TNS   : -45.479

Type  : Slow 1100mV 0C Model Hold 'count'
Slack : -3.919
TNS   : -24.106

Type  : Slow 1100mV 0C Model Recovery 'count'
Slack : -5.230
TNS   : -41.364

Type  : Slow 1100mV 0C Model Removal 'count'
Slack : 1.816
TNS   : 0.000

Type  : Slow 1100mV 0C Model Minimum Pulse Width 'count'
Slack : -0.499
TNS   : -7.319

Type  : Slow 1100mV 0C Model Minimum Pulse Width 'load'
Slack : 0.168
TNS   : 0.000

Type  : Fast 1100mV 85C Model Setup 'count'
Slack : -4.991
TNS   : -33.699

Type  : Fast 1100mV 85C Model Hold 'count'
Slack : -2.107
TNS   : -12.534

Type  : Fast 1100mV 85C Model Recovery 'count'
Slack : -3.888
TNS   : -30.698

Type  : Fast 1100mV 85C Model Removal 'count'
Slack : 2.195
TNS   : 0.000

Type  : Fast 1100mV 85C Model Minimum Pulse Width 'count'
Slack : -0.636
TNS   : -8.313

Type  : Fast 1100mV 85C Model Minimum Pulse Width 'load'
Slack : -0.037
TNS   : -0.156

Type  : Fast 1100mV 0C Model Setup 'count'
Slack : -4.385
TNS   : -29.414

Type  : Fast 1100mV 0C Model Hold 'count'
Slack : -2.101
TNS   : -12.867

Type  : Fast 1100mV 0C Model Recovery 'count'
Slack : -3.199
TNS   : -25.247

Type  : Fast 1100mV 0C Model Removal 'count'
Slack : 1.671
TNS   : 0.000

Type  : Fast 1100mV 0C Model Minimum Pulse Width 'count'
Slack : -0.660
TNS   : -8.905

Type  : Fast 1100mV 0C Model Minimum Pulse Width 'load'
Slack : -0.060
TNS   : -0.597

------------------------------------------------------------
